
  precompiled.cpp
  renderdocui_stub.cpp
  arm_counters_stub.cpp
  crash_generation_client.cc
  precompiled.cpp
  precompiled.cpp
  renderdocshim.cpp
  client_info.cc
  exception_handler.cc
  minidump_generator.cc
  http_upload.cc
  guid_string.cc
  string_utils.cc
  crash_generation_server.cc
  intel_counters.cpp
  intel_gl_counters.cpp
  Read Git commit: '20c4e0fa06e69b83c24fc18c74ed1e7e0ea2422c'
  version.cpp
  CodeGen.cpp
  Link.cpp
  Constant.cpp
  glslang_tab.cpp
  dxgi_common.cpp
  dxil_bytecode.cpp
  dxil_bytecode_editor.cpp
  dxil_common.cpp
  dxil_controlflow.cpp
  InfoSink.cpp
  Initialize.cpp
  dxil_debug.cpp
  Intermediate.cpp
  dxil_debuginfo.cpp
  intermOut.cpp
  dxgi_hooks.cpp
  dxil_disassemble.cpp
  dxgi_stringise.cpp
  dxil_metadata.cpp
  dxil_reflect.cpp
  dxgi_wrapped.cpp
  IntermTraverse.cpp
  iomapper.cpp
  dxil_stringise.cpp
  attribute.cpp
  limits.cpp
  llvm_decoder.cpp
  llvm_encoder.cpp
  linkValidate.cpp
  parseConst.cpp
  ParseContextBase.cpp
  正在生成代码
  crash_generation_client.vcxproj -> D:\Projects\renderdoc\x64\Release\\crash_generation_client.lib
  ARM.vcxproj -> D:\Projects\renderdoc\x64\Release\driver_ARM.lib
  crash_generation_server.vcxproj -> D:\Projects\renderdoc\x64\Release\\crash_generation_server.lib
  ParseHelper.cpp
  PoolAlloc.cpp
  Pp.cpp
  PpAtom.cpp
  PpContext.cpp
  已完成代码的生成
  PpScanner.cpp
  renderdoc_version.vcxproj -> D:\Projects\renderdoc\x64\Release\version.lib
  common.vcxproj -> D:\Projects\renderdoc\x64\Release\\breakpad_common.lib
  Intel.vcxproj -> D:\Projects\renderdoc\x64\Release\driver_Intel.lib
  PpTokens.cpp
  propagateNoContraction.cpp
  reflection.cpp
  RemoveTree.cpp
  Scan.cpp
  ShaderLang.cpp
  SpirvIntrinsics.cpp
  SymbolTable.cpp
  renderdocshim.vcxproj -> D:\Projects\renderdoc\x64\Release\renderdicshim64.dll
  Versions.cpp
  ResourceLimits.cpp
  ossource.cpp
  GlslangToSpv.cpp
  renderdocui_stub.vcxproj -> D:\Projects\renderdoc\x64\Release\renderdicui.exe
  renderdoc_dxgi.vcxproj -> D:\Projects\renderdoc\x64\Release\driver_dxgi.lib
  InReadableOrder.cpp
  Logger.cpp
  SpvBuilder.cpp
  SpvPostProcess.cpp
  SpvTools.cpp
  glslang_compile.cpp
  renderdoc_dxil.vcxproj -> D:\Projects\renderdoc\x64\Release\driver_dxil.lib
  exception_handler.vcxproj -> D:\Projects\renderdoc\x64\Release\\exception_handler.lib
  precompiled.cpp
  dx_debug.cpp
  dxbc_bytecode.cpp
  dxbc_bytecode_editor.cpp
  dxbc_bytecode_vendorext.cpp
  dxbc_compile.cpp
  dxbc_debug.cpp
  dxbc_bytecode_ops.cpp
  dxbc_container.cpp
  dxbc_reflect.cpp
  dxbc_sdbg.cpp
  dxbc_spdb.cpp
  dxbc_stringise.cpp
  spirv_common.cpp
  spirv_compile.cpp
  spirv_debug.cpp
  spirv_debug_glsl450.cpp
  spirv_debug_setup.cpp
  spirv_disassemble.cpp
  spirv_editor.cpp
  spirv_processor.cpp
  spirv_reflect.cpp
  spirv_gen.cpp
  spirv_stringise.cpp
  renderdoc_dxbc.vcxproj -> D:\Projects\renderdoc\x64\Release\driver_dxbc.lib
  precompiled.cpp
  d3d12_commands.cpp
  d3d12_command_list10_wrap.cpp
  d3d12_command_list1_wrap.cpp
  d3d12_command_list2_wrap.cpp
  d3d12_command_list3_wrap.cpp
  d3d12_command_list4_wrap.cpp
  d3d12_command_list5_wrap.cpp
  d3d12_command_list6_wrap.cpp
  d3d12_command_list7_wrap.cpp
  d3d12_command_list8_wrap.cpp
  d3d12_command_list9_wrap.cpp
  d3d12_command_list_wrap.cpp
  d3d12_command_queue_wrap.cpp
  d3d12_common.cpp
  d3d12_counters.cpp
  d3d12_debug.cpp
  d3d12_device.cpp
  d3d12_device_rescreate_wrap.cpp
  d3d12_device_wrap.cpp
  d3d12_device_wrap1.cpp
  d3d12_device_wrap11.cpp
  d3d12_device_wrap12.cpp
  d3d12_device_wrap13.cpp
  d3d12_device_wrap14.cpp
  d3d12_device_wrap2.cpp
  d3d12_device_wrap3.cpp
  d3d12_device_wrap4.cpp
  d3d12_device_wrap5.cpp
  renderdoc_spirv.vcxproj -> D:\Projects\renderdoc\x64\Release\driver_spirv.lib
  d3d12_device_wrap6.cpp
  d3d12_device_wrap7.cpp
  d3d12_device_wrap8.cpp
  d3d12_device_wrap9.cpp
  d3d12_dxil_debug.cpp
  d3d12_hooks.cpp
  d3d12_initstate.cpp
  d3d12_manager.cpp
  d3d12_msaa_array_conv.cpp
  d3d12_outputwindow.cpp
  d3d12_overlay.cpp
  d3d12_pixelhistory.cpp
  d3d12_postvs.cpp
  precompiled.cpp
  precompiled.cpp
  d3d12_rendermesh.cpp
  d3d12_rendertext.cpp
  nvapi_hooks.cpp
  nvapi_wrapper.cpp
  ags_wrapper.cpp
  nv_counters.cpp
  nv_counter_enumerator.cpp
  amd_counters.cpp
  nv_d3d11_counters.cpp
  amd_hooks.cpp
  d3d12_rendertexture.cpp
  nv_d3d12_counters.cpp
  amd_isa.cpp
  amd_isa_devices.cpp
  amd_isa_win32.cpp
  nv_gl_counters.cpp
  d3d12_replay.cpp
  d3d12_resources.cpp
  d3d12_rootsig.cpp
  nv_vk_counters.cpp
  d3d12_sdk_select.cpp
  d3d12_serialise.cpp
  d3d12_shaderdebug.cpp
  nv_aftermath.cpp
  d3d12_shader_cache.cpp
  d3d12_shader_feedback.cpp
  d3d12_state.cpp
  d3d12_stringise.cpp
  amd_rgp.cpp
  egl_platform.cpp
  egl_hooks.cpp
  gl_common.cpp
  gl_counters.cpp
  gl_debug.cpp
  gl_driver.cpp
  gl_hooks.cpp
  gl_pixelhistory.cpp
  imagestate_tests.cpp
  gl_shaderdebug.cpp
  imgrefs_tests.cpp
  vk_msaa_buffer_conv.cpp
  wgl_hooks.cpp
  gl_initstate.cpp
  gl_manager.cpp
  vk_shader_feedback.cpp
  vk_image_states.cpp
  vk_next_chains.cpp
  vk_outputwindow.cpp
  vk_overlay.cpp
  vk_postvs.cpp
  vk_rendermesh.cpp
  vk_rendertext.cpp
  gl_msaa_array_conv.cpp
  vk_rendertexture.cpp
  vk_shaderdebug.cpp
  vk_shader_cache.cpp
  vk_stringise.cpp
  gl_outputwindow.cpp
  gl_overlay.cpp
  gl_postvs.cpp
  gl_program_iterate.cpp
  vk_counters.cpp
  gl_rendermesh.cpp
  gl_renderstate.cpp
  gl_rendertext.cpp
  gl_rendertexture.cpp
  gl_replay.cpp
  vk_dispatchtables.cpp
  vk_initstate.cpp
  vk_memory.cpp
  gl_resources.cpp
  vk_state.cpp
  gl_shader_refl.cpp
  vk_layer.cpp
  vk_common.cpp
  gl_stringise.cpp
  vk_core.cpp
  vk_debug.cpp
  wgl_platform.cpp
  gl_buffer_funcs.cpp
  gl_debug_funcs.cpp
  gl_draw_funcs.cpp
  vk_info.cpp
  gl_emulated.cpp
  gl_framebuffer_funcs.cpp
  gl_get_funcs.cpp
  vk_manager.cpp
  vk_pixelhistory.cpp
  gl_interop_funcs.cpp
  gl_query_funcs.cpp
  gl_sampler_funcs.cpp
  vk_replay.cpp
  gl_shader_funcs.cpp
  gl_state_funcs.cpp
  gl_texture_funcs.cpp
  vk_win32.cpp
  vk_resources.cpp
  vk_acceleration_structure.cpp
  gl_uniform_funcs.cpp
  vk_cmd_funcs.cpp
  vk_dynamic_funcs.cpp
  vk_descriptor_funcs.cpp
  vk_device_funcs.cpp
  AMD.vcxproj -> D:\Projects\renderdoc\x64\Release\driver_AMD.lib
  vk_draw_funcs.cpp
  vk_get_funcs.cpp
  vk_misc_funcs.cpp
  vk_queue_funcs.cpp
  vk_resource_funcs.cpp
  vk_shader_funcs.cpp
  vk_sync_funcs.cpp
  vk_wsi_funcs.cpp
  NV.vcxproj -> D:\Projects\renderdoc\x64\Release\driver_NV.lib
  precompiled.cpp
  renderdoc_d3d12.vcxproj -> D:\Projects\renderdoc\x64\Release\driver_d3d12.lib
  d3d11_common.cpp
  d3d11_msaa_array_conv.cpp
  d3d11_outputwindow.cpp
  d3d11_overlay.cpp
  d3d11_pixelhistory.cpp
  d3d11_postvs.cpp
  d3d11_rendermesh.cpp
  d3d11_rendertext.cpp
  d3d11_rendertexture.cpp
  d3d11_serialise.cpp
  d3d11_context.cpp
  d3d11_context1_wrap.cpp
  vk_serialise.cpp
  d3d11_context2_wrap.cpp
  d3d11_context3_wrap.cpp
  renderdoc_gl.vcxproj -> D:\Projects\renderdoc\x64\Release\driver_gl.lib
  d3d11_context_wrap.cpp
  d3d11_counters.cpp
  d3d11_debug.cpp
  d3d11_device.cpp
  d3d11_device1_wrap.cpp
  d3d11_device2_wrap.cpp
  d3d11_device3_wrap.cpp
  d3d11_device_wrap.cpp
  d3d11_hooks.cpp
  d3d11_initstate.cpp
  d3d11_manager.cpp
  d3d11_renderstate.cpp
  d3d11_replay.cpp
  d3d11_resources.cpp
  d3d11_shader_cache.cpp
  d3d11_shaderdebug.cpp
  d3d11_stringise.cpp
  d3d11_video.cpp
  d3d9_hooks.cpp
  renderdoc_d3d11.vcxproj -> D:\Projects\renderdoc\x64\Release\driver_d3d11.lib
  renderdoc_vulkan.vcxproj -> D:\Projects\renderdoc\x64\Release\driver_vulkan.lib
  Baking DXIL Shaders with D:\Windows Kits\10\bin\10.0.28000.0\x64\dxc.exe
  Processing layer JSON file for RenderDic 1.45
  precompiled.cpp
  catch.cpp
  BC1_Encode_kernel.cpp
  BC2_Encode_kernel.cpp
  BC3_Encode_kernel.cpp
  BC4_Encode_kernel.cpp
  BC5_Encode_kernel.cpp
  BC6_Encode_kernel.cpp
  BC7_Encode_Kernel.cpp
  superluminal.cpp
  android.cpp
  android_tools.cpp
  android_utils.cpp
  jdwp.cpp
  jdwp_connection.cpp
  jdwp_util.cpp
  common.cpp
  dds_readwrite.cpp
  jobsystem.cpp
  jobsystem_tests.cpp
  threading_tests.cpp
  bit_flag_iterator_tests.cpp
  gpu_address_range_tracker.cpp
  settings.cpp
  image_viewer.cpp
  intervals_tests.cpp
  plugins.cpp
  sparse_page_table.cpp
  target_control.cpp
  remote_server.cpp
  replay_proxy.cpp
  resource_manager.cpp
  glsl_shaders.cpp
  hooks.cpp
  camera.cpp
  formatpacking.cpp
  matrix.cpp
  vec.cpp
  os_specific.cpp
  sys_win32_hooks.cpp
  win32_callstack.cpp
  win32_hook.cpp
  win32_libentry.cpp
  win32_network.cpp
  win32_process.cpp
  win32_shellext.cpp
  win32_stringio.cpp
  win32_threading.cpp
  app_api.cpp
  basic_types_tests.cpp
  capture_file.cpp
  capture_options.cpp
  dummy_driver.cpp
  entry_points.cpp
  replay_driver.cpp
  replay_output.cpp
  replay_controller.cpp
  chrome_json_codec.cpp
  xml_codec.cpp
  comp_io_tests.cpp
  lz4io.cpp
  rdcfile.cpp
  serialiser.cpp
  serialiser_tests.cpp
  streamio.cpp
  streamio_tests.cpp
  zstdio.cpp
  controlflow.cpp
  grisu2.cpp
  string_utils.cpp
  utf8printf.cpp
  jpgd.cpp
  jpge.cpp
  pugixml.cpp
  tinyexr.cpp
  lz4.c
  md5.c
  stb_impl.c
  tinyfiledialogs.c
  debug.c
  hist.c
  zstd_double_fast.c
  zstd_fast.c
  zstd_lazy.c
  zstd_ldm.c
  zstd_opt.c
  entropy_common.c
  error_private.c
  fse_decompress.c
  pool.c
  threading.c
  xxhash.c
  zstd_common.c
  fse_compress.c
  huf_compress.c
  zstdmt_compress.c
  zstd_compress.c
  huf_decompress.c
  zstd_decompress.c
  miniz.c
  core.cpp
    正在创建库 D:\Projects\renderdoc\x64\Release\renderdic.lib 和对象 D:\Projects\renderdoc\x64\Release\renderdic.exp
  正在生成代码
  Previous IPDB not found, fall back to full compilation.
