
  exception_handler.cc
  client_info.cc
  renderdocshim.cpp
  precompiled.cpp
  minidump_generator.cc
  crash_generation_server.cc
  precompiled.cpp
  crash_generation_client.cc
  precompiled.cpp
  renderdocui_stub.cpp
  arm_counters_stub.cpp
  http_upload.cc
  guid_string.cc
  string_utils.cc
  intel_counters.cpp
  intel_gl_counters.cpp
  Read Git commit: '20c4e0fa06e69b83c24fc18c74ed1e7e0ea2422c'
  正在生成代码
  crash_generation_client.vcxproj -> D:\Projects\renderdoc\x64\Release\\crash_generation_client.lib
  version.cpp
  已完成代码的生成
  crash_generation_server.vcxproj -> D:\Projects\renderdoc\x64\Release\\crash_generation_server.lib
  dxil_bytecode.cpp
  dxgi_common.cpp
  dxgi_hooks.cpp
  dxgi_stringise.cpp
  CodeGen.cpp
  Link.cpp
  dxil_bytecode_editor.cpp
  Constant.cpp
  dxil_common.cpp
  glslang_tab.cpp
  InfoSink.cpp
  dxgi_wrapped.cpp
  dxil_controlflow.cpp
  Initialize.cpp
  dxil_debug.cpp
  dxil_debuginfo.cpp
  dxil_disassemble.cpp
  dxil_metadata.cpp
  Intermediate.cpp
  intermOut.cpp
  IntermTraverse.cpp
  iomapper.cpp
  dxil_reflect.cpp
  attribute.cpp
  dxil_stringise.cpp
  llvm_decoder.cpp
  limits.cpp
  llvm_encoder.cpp
  linkValidate.cpp
  parseConst.cpp
  ParseContextBase.cpp
  renderdocshim.vcxproj -> D:\Projects\renderdoc\x64\Release\renderdicshim64.dll
  ParseHelper.cpp
  ARM.vcxproj -> D:\Projects\renderdoc\x64\Release\driver_ARM.lib
  renderdoc_version.vcxproj -> D:\Projects\renderdoc\x64\Release\version.lib
  PoolAlloc.cpp
  Pp.cpp
  PpAtom.cpp
  PpContext.cpp
  PpScanner.cpp
  PpTokens.cpp
  propagateNoContraction.cpp
  renderdocui_stub.vcxproj -> D:\Projects\renderdoc\x64\Release\renderdicui.exe
  reflection.cpp
  RemoveTree.cpp
  Scan.cpp
  ShaderLang.cpp
  SpirvIntrinsics.cpp
  exception_handler.vcxproj -> D:\Projects\renderdoc\x64\Release\\exception_handler.lib
  SymbolTable.cpp
  Versions.cpp
  Intel.vcxproj -> D:\Projects\renderdoc\x64\Release\driver_Intel.lib
  ResourceLimits.cpp
  common.vcxproj -> D:\Projects\renderdoc\x64\Release\\breakpad_common.lib
  renderdoc_dxgi.vcxproj -> D:\Projects\renderdoc\x64\Release\driver_dxgi.lib
  ossource.cpp
  GlslangToSpv.cpp
  InReadableOrder.cpp
  Logger.cpp
  SpvBuilder.cpp
  SpvPostProcess.cpp
  SpvTools.cpp
  glslang_compile.cpp
  renderdoc_dxil.vcxproj -> D:\Projects\renderdoc\x64\Release\driver_dxil.lib
  precompiled.cpp
  dx_debug.cpp
  dxbc_bytecode.cpp
  dxbc_bytecode_editor.cpp
  dxbc_bytecode_vendorext.cpp
  dxbc_compile.cpp
  dxbc_debug.cpp
  dxbc_bytecode_ops.cpp
  dxbc_container.cpp
  dxbc_reflect.cpp
  dxbc_sdbg.cpp
  dxbc_spdb.cpp
  dxbc_stringise.cpp
  spirv_common.cpp
  spirv_compile.cpp
  spirv_debug.cpp
  spirv_debug_glsl450.cpp
  spirv_debug_setup.cpp
  spirv_disassemble.cpp
  spirv_editor.cpp
  spirv_processor.cpp
  spirv_reflect.cpp
  spirv_gen.cpp
  spirv_stringise.cpp
  renderdoc_dxbc.vcxproj -> D:\Projects\renderdoc\x64\Release\driver_dxbc.lib
  precompiled.cpp
  d3d12_commands.cpp
  d3d12_command_list10_wrap.cpp
  d3d12_command_list1_wrap.cpp
  d3d12_command_list2_wrap.cpp
  d3d12_command_list3_wrap.cpp
  d3d12_command_list4_wrap.cpp
  d3d12_command_list5_wrap.cpp
  d3d12_command_list6_wrap.cpp
  d3d12_command_list7_wrap.cpp
  d3d12_command_list8_wrap.cpp
  d3d12_command_list9_wrap.cpp
  d3d12_command_list_wrap.cpp
  d3d12_command_queue_wrap.cpp
  d3d12_common.cpp
  renderdoc_spirv.vcxproj -> D:\Projects\renderdoc\x64\Release\driver_spirv.lib
  d3d12_counters.cpp
  d3d12_debug.cpp
  d3d12_device.cpp
  d3d12_device_rescreate_wrap.cpp
  d3d12_device_wrap.cpp
  d3d12_device_wrap1.cpp
  d3d12_device_wrap11.cpp
  d3d12_device_wrap12.cpp
  d3d12_device_wrap13.cpp
  ags_wrapper.cpp
  amd_counters.cpp
  amd_hooks.cpp
  precompiled.cpp
  amd_isa.cpp
  amd_isa_devices.cpp
  amd_isa_win32.cpp
  nvapi_hooks.cpp
  d3d12_device_wrap14.cpp
  d3d12_device_wrap2.cpp
  d3d12_device_wrap3.cpp
  nvapi_wrapper.cpp
  amd_rgp.cpp
  d3d12_device_wrap4.cpp
  nv_counters.cpp
  d3d12_device_wrap5.cpp
  nv_counter_enumerator.cpp
  nv_d3d11_counters.cpp
  nv_d3d12_counters.cpp
  d3d12_device_wrap6.cpp
  d3d12_device_wrap7.cpp
  d3d12_device_wrap8.cpp
  nv_gl_counters.cpp
  precompiled.cpp
  d3d12_device_wrap9.cpp
  nv_vk_counters.cpp
  d3d12_dxil_debug.cpp
  d3d12_hooks.cpp
  d3d12_initstate.cpp
  nv_aftermath.cpp
  d3d12_manager.cpp
  d3d12_msaa_array_conv.cpp
  d3d12_outputwindow.cpp
  d3d12_overlay.cpp
  d3d12_pixelhistory.cpp
  d3d12_postvs.cpp
  d3d12_rendermesh.cpp
  d3d12_rendertext.cpp
  d3d12_rendertexture.cpp
  imagestate_tests.cpp
  d3d12_replay.cpp
  d3d12_resources.cpp
  imgrefs_tests.cpp
  vk_msaa_buffer_conv.cpp
  vk_shader_feedback.cpp
  vk_image_states.cpp
  vk_next_chains.cpp
  d3d12_rootsig.cpp
  vk_outputwindow.cpp
  vk_overlay.cpp
  vk_postvs.cpp
  d3d12_sdk_select.cpp
  vk_rendermesh.cpp
  vk_rendertext.cpp
  vk_rendertexture.cpp
  d3d12_serialise.cpp
  d3d12_shaderdebug.cpp
  vk_shaderdebug.cpp
  d3d12_shader_cache.cpp
  d3d12_shader_feedback.cpp
  d3d12_state.cpp
  vk_shader_cache.cpp
  vk_stringise.cpp
  vk_counters.cpp
  d3d12_stringise.cpp
  vk_dispatchtables.cpp
  vk_initstate.cpp
  egl_platform.cpp
  vk_memory.cpp
  vk_state.cpp
  vk_layer.cpp
  vk_common.cpp
  vk_core.cpp
  vk_debug.cpp
  egl_hooks.cpp
  gl_common.cpp
  gl_counters.cpp
  gl_debug.cpp
  gl_driver.cpp
  gl_hooks.cpp
  gl_pixelhistory.cpp
  gl_shaderdebug.cpp
  vk_info.cpp
  wgl_hooks.cpp
  vk_manager.cpp
  gl_initstate.cpp
  gl_manager.cpp
  vk_pixelhistory.cpp
  vk_replay.cpp
  vk_win32.cpp
  vk_resources.cpp
  gl_msaa_array_conv.cpp
  vk_acceleration_structure.cpp
  vk_cmd_funcs.cpp
  vk_dynamic_funcs.cpp
  gl_outputwindow.cpp
  AMD.vcxproj -> D:\Projects\renderdoc\x64\Release\driver_AMD.lib
  gl_overlay.cpp
  vk_descriptor_funcs.cpp
  vk_device_funcs.cpp
  vk_draw_funcs.cpp
  vk_get_funcs.cpp
  gl_postvs.cpp
  gl_program_iterate.cpp
  gl_rendermesh.cpp
  gl_renderstate.cpp
  vk_misc_funcs.cpp
  gl_rendertext.cpp
  gl_rendertexture.cpp
  gl_replay.cpp
  gl_resources.cpp
  gl_shader_refl.cpp
  gl_stringise.cpp
  vk_queue_funcs.cpp
  wgl_platform.cpp
  vk_resource_funcs.cpp
  vk_shader_funcs.cpp
  vk_sync_funcs.cpp
  gl_buffer_funcs.cpp
  gl_debug_funcs.cpp
  vk_wsi_funcs.cpp
  gl_draw_funcs.cpp
  gl_emulated.cpp
  gl_framebuffer_funcs.cpp
  gl_get_funcs.cpp
  gl_interop_funcs.cpp
  gl_query_funcs.cpp
  gl_sampler_funcs.cpp
  gl_shader_funcs.cpp
  gl_state_funcs.cpp
  NV.vcxproj -> D:\Projects\renderdoc\x64\Release\driver_NV.lib
  gl_texture_funcs.cpp
  gl_uniform_funcs.cpp
  precompiled.cpp
  vk_serialise.cpp
  d3d11_common.cpp
  d3d11_msaa_array_conv.cpp
  d3d11_outputwindow.cpp
  d3d11_overlay.cpp
  d3d11_pixelhistory.cpp
  d3d11_postvs.cpp
  d3d11_rendermesh.cpp
  d3d11_rendertext.cpp
  d3d11_rendertexture.cpp
  d3d11_serialise.cpp
  d3d11_context.cpp
  d3d11_context1_wrap.cpp
  d3d11_context2_wrap.cpp
  d3d11_context3_wrap.cpp
  d3d11_context_wrap.cpp
  renderdoc_d3d12.vcxproj -> D:\Projects\renderdoc\x64\Release\driver_d3d12.lib
  d3d11_counters.cpp
  d3d11_debug.cpp
  d3d11_device.cpp
  d3d11_device1_wrap.cpp
  d3d11_device2_wrap.cpp
  d3d11_device3_wrap.cpp
  d3d11_device_wrap.cpp
  d3d11_hooks.cpp
  d3d11_initstate.cpp
  d3d11_manager.cpp
  d3d11_renderstate.cpp
  d3d11_replay.cpp
  d3d11_resources.cpp
  d3d11_shader_cache.cpp
  renderdoc_gl.vcxproj -> D:\Projects\renderdoc\x64\Release\driver_gl.lib
  d3d11_shaderdebug.cpp
  d3d11_stringise.cpp
  d3d11_video.cpp
  d3d9_hooks.cpp
  renderdoc_d3d11.vcxproj -> D:\Projects\renderdoc\x64\Release\driver_d3d11.lib
  renderdoc_vulkan.vcxproj -> D:\Projects\renderdoc\x64\Release\driver_vulkan.lib
  Baking DXIL Shaders with D:\Windows Kits\10\bin\10.0.28000.0\x64\dxc.exe
  Processing layer JSON file for RenderDic 1.45
  precompiled.cpp
  catch.cpp
  BC1_Encode_kernel.cpp
  BC2_Encode_kernel.cpp
  BC3_Encode_kernel.cpp
  BC4_Encode_kernel.cpp
  BC5_Encode_kernel.cpp
  BC6_Encode_kernel.cpp
  BC7_Encode_Kernel.cpp
  superluminal.cpp
  android.cpp
  android_tools.cpp
  android_utils.cpp
  jdwp.cpp
  jdwp_connection.cpp
  jdwp_util.cpp
  common.cpp
  dds_readwrite.cpp
  jobsystem.cpp
  jobsystem_tests.cpp
  threading_tests.cpp
  bit_flag_iterator_tests.cpp
  gpu_address_range_tracker.cpp
  settings.cpp
  image_viewer.cpp
  intervals_tests.cpp
  plugins.cpp
  sparse_page_table.cpp
  target_control.cpp
  remote_server.cpp
  replay_proxy.cpp
  resource_manager.cpp
  glsl_shaders.cpp
  hooks.cpp
  camera.cpp
  formatpacking.cpp
  matrix.cpp
  vec.cpp
  os_specific.cpp
  sys_win32_hooks.cpp
  win32_callstack.cpp
  win32_hook.cpp
  win32_libentry.cpp
  win32_network.cpp
  win32_process.cpp
  win32_shellext.cpp
  win32_stringio.cpp
  win32_threading.cpp
  app_api.cpp
  basic_types_tests.cpp
  capture_file.cpp
  capture_options.cpp
  dummy_driver.cpp
  entry_points.cpp
  replay_driver.cpp
  replay_output.cpp
  replay_controller.cpp
  chrome_json_codec.cpp
  xml_codec.cpp
  comp_io_tests.cpp
  lz4io.cpp
  rdcfile.cpp
  serialiser.cpp
  serialiser_tests.cpp
  streamio.cpp
  streamio_tests.cpp
  zstdio.cpp
  controlflow.cpp
  grisu2.cpp
  string_utils.cpp
  utf8printf.cpp
  jpgd.cpp
  jpge.cpp
  pugixml.cpp
  tinyexr.cpp
  lz4.c
  md5.c
  stb_impl.c
  tinyfiledialogs.c
  debug.c
  hist.c
  zstd_double_fast.c
  zstd_fast.c
  zstd_lazy.c
  zstd_ldm.c
  zstd_opt.c
  entropy_common.c
  error_private.c
  fse_decompress.c
  pool.c
  threading.c
  xxhash.c
  zstd_common.c
  fse_compress.c
  huf_compress.c
  zstdmt_compress.c
  zstd_compress.c
  huf_decompress.c
  zstd_decompress.c
  miniz.c
  core.cpp
    正在创建库 D:\Projects\renderdoc\x64\Release\renderdic.lib 和对象 D:\Projects\renderdoc\x64\Release\renderdic.exp
  正在生成代码
  Previous IPDB not found, fall back to full compilation.
  All 126582 functions were compiled because no usable IPDB/IOBJ from previous compilation was found.
  已完成代码的生成
  renderdoc.vcxproj -> D:\Projects\renderdoc\x64\Release\renderdic.dll
  Compiling SWIG interface
  Compiling SWIG interface
  Language subdirectory: python
  Search paths:
     .\
     D:\Projects\renderdoc\renderdoc\api\replay\
     .\swig_lib\python\
     D:\Projects\renderdoc\qrenderdoc\3rdparty\swig\Lib\python\
     .\swig_lib\
     D:\Projects\renderdoc\qrenderdoc\3rdparty\swig\Lib\
  Preprocessing...
  Starting language-specific parse...
  Language subdirectory: python
  Search paths:
     .\
     D:\Projects\renderdoc\qrenderdoc\Code\pyrenderdoc\..\..\
     D:\Projects\renderdoc\renderdoc\api\replay\
     .\swig_lib\python\
     D:\Projects\renderdoc\qrenderdoc\3rdparty\swig\Lib\python\
     .\swig_lib\
     D:\Projects\renderdoc\qrenderdoc\3rdparty\swig\Lib\
  Preprocessing...
  Starting language-specific parse...
  Processing types...
  C++ analysis...
  Processing nested classes...
  Generating wrappers...
  Compiling SWIG interface
  Language subdirectory: python
  Search paths:
     .\
     D:\Projects\renderdoc\renderdoc\api\replay\
     .\swig_lib\python\
     D:\Projects\renderdoc\qrenderdoc\3rdparty\swig\Lib\python\
     .\swig_lib\
     D:\Projects\renderdoc\qrenderdoc\3rdparty\swig\Lib\
  Preprocessing...
  Starting language-specific parse...
  Processing types...
  C++ analysis...
  Processing nested classes...
  Generating wrappers...
  Processing types...
  C++ analysis...
  Processing nested classes...
  Generating wrappers...
  MOC PerformanceCounterSelection.h
  MOC ScintillaEditBase.h
  MOC ScintillaQt.h
  MOC ScintillaDocument.h
  MOC ScintillaEdit.h
  MOC ToolWindowManager.h
  MOC ToolWindowManagerArea.h
  MOC ToolWindowManagerSplitter.h
  MOC ToolWindowManagerTabBar.h
  MOC ToolWindowManagerWrapper.h
  MOC PythonContext.h
  MOC QRDUtils.h
  MOC RDStyle.h
  MOC RDTweakedNativeStyle.h
  MOC BufferFormatSpecifier.h
  MOC ComputeDebugSelector.h
  MOC FindReplace.h
  MOC CustomPaintWidget.h
  MOC RDDoubleSpinBox.h
  MOC RDSplitter.h
  MOC RDLabel.h
  MOC RDMenu.h
  MOC RDHeaderView.h
  MOC RDToolButton.h
  MOC RDLineEdit.h
  MOC RDTextEdit.h
  MOC RDListView.h
  MOC RDListWidget.h
  MOC RDTableView.h
  MOC RDTableWidget.h
  MOC RDTreeView.h
  MOC RDTreeWidget.h
  MOC PipelineFlowChart.h
  MOC CollapseGroupBox.h
  MOC AnnotationDisplay.h
  MOC RangeHistogram.h
  MOC ResourcePreview.h
  MOC TextureGoto.h
  MOC ThumbnailStrip.h
  MOC ReplayOptionsSelector.h
  MOC OrderedListEditor.h
  MOC MarkerBreadcrumbs.h
  MOC APIInspector.h
  MOC ResourceInspector.h
  MOC BufferViewer.h
  MOC DebugMessageView.h
  MOC LogView.h
  MOC CommentView.h
  MOC DescriptorViewer.h
  MOC AboutDialog.h
  MOC CrashDialog.h
  MOC AnalyticsConfirmDialog.h
  MOC AnalyticsPromptDialog.h
  MOC AxisMappingDialog.h
  MOC CameraControlsDialog.h
  MOC ProjectionGuessDialog.h
  MOC CaptureDialog.h
  MOC LiveCapture.h
  MOC EnvironmentEditor.h
  MOC RemoteManager.h
  MOC ExtensionManager.h
  MOC SettingsDialog.h
  MOC SuggestRemoteDialog.h
  MOC TextureSaveDialog.h
  MOC TipsDialog.h
  MOC ConfigEditor.h
  MOC VirtualFileDialog.h
  MOC EventBrowser.h
  MOC ExportWindow.h
  MOC ExportRunner.h
  MOC MainWindow.h
  MOC D3D11PipelineStateViewer.h
  MOC D3D12PipelineStateViewer.h
  MOC GLPipelineStateViewer.h
  MOC PipelineStateViewer.h
  MOC VulkanPipelineStateViewer.h
  MOC PixelHistoryView.h
  MOC ShaderViewer.h
  MOC ShaderMessageViewer.h
  MOC PythonShell.h
  MOC TimelineBar.h
  MOC PerformanceCounterViewer.h
  MOC StatisticsViewer.h
  MOC TextureViewer.h
  Compiling SWIG interface
  Language subdirectory: python
  Search paths:
     .\
     D:\Projects\renderdoc\renderdoc\api\replay\
     .\swig_lib\python\
     D:\Projects\renderdoc\qrenderdoc\3rdparty\swig\Lib\python\
     .\swig_lib\
     D:\Projects\renderdoc\qrenderdoc\3rdparty\swig\Lib\
  Preprocessing...
  Starting language-specific parse...
  Processing types...
  C++ analysis...
  Processing nested classes...
  Generating wrappers...
  Compiling SWIG interface
  Language subdirectory: python
  Search paths:
     .\
     D:\Projects\renderdoc\renderdoc\api\replay\
     D:\Projects\renderdoc\qrenderdoc\.\
     .\swig_lib\python\
     D:\Projects\renderdoc\qrenderdoc\3rdparty\swig\Lib\python\
     .\swig_lib\
     D:\Projects\renderdoc\qrenderdoc\3rdparty\swig\Lib\
  Preprocessing...
  Starting language-specific parse...
  Processing types...
  C++ analysis...
  Processing nested classes...
  Generating wrappers...
  UIC BufferFormatSpecifier.ui
  UIC ComputeDebugSelector.ui
  UIC FindReplace.ui
  UIC ResourcePreview.ui
  UIC ThumbnailStrip.ui
  UIC ReplayOptionsSelector.ui
  UIC APIInspector.ui
  UIC ResourceInspector.ui
  UIC BufferViewer.ui
  UIC DebugMessageView.ui
  UIC LogView.ui
  UIC CommentView.ui
  UIC DescriptorViewer.ui
  UIC AboutDialog.ui
  UIC CrashDialog.ui
  UIC AnalyticsConfirmDialog.ui
  UIC AnalyticsPromptDialog.ui
  UIC AxisMappingDialog.ui
  UIC CameraControlsDialog.ui
  UIC ProjectionGuessDialog.ui
  UIC CaptureDialog.ui
  UIC LiveCapture.ui
  UIC EnvironmentEditor.ui
  UIC RemoteManager.ui
  UIC ExtensionManager.ui
  UIC SettingsDialog.ui
  UIC SuggestRemoteDialog.ui
  UIC TextureSaveDialog.ui
  UIC TipsDialog.ui
  UIC ConfigEditor.ui
  UIC VirtualFileDialog.ui
  UIC EventBrowser.ui
  UIC ExportWindow.ui
  UIC MainWindow.ui
  UIC D3D11PipelineStateViewer.ui
  UIC D3D12PipelineStateViewer.ui
  UIC GLPipelineStateViewer.ui
  UIC PipelineStateViewer.ui
  UIC VulkanPipelineStateViewer.ui
  UIC PixelHistoryView.ui
  UIC ShaderViewer.ui
  UIC ShaderMessageViewer.ui
  UIC PythonShell.ui
  UIC PerformanceCounterViewer.ui
  UIC StatisticsViewer.ui
  UIC TextureViewer.ui
  RCC resources.qrc
  RCC qtconf.qrc
  UIC PerformanceCounterSelection.ui
  miniz.c
  pyrenderdoc_stub.cpp
  precompiled.cpp
  pyrenderdoc_stub.cpp
  qrenderdoc_stub.cpp
  renderdoccmd.cpp
  renderdoc_module_python.cxx
  renderdoccmd_win32.cpp
  LexCPP.cxx
  LexDiff.cxx
  LexErrorList.cxx
  LexHTML.cxx
  LexJSON.cxx
  LexNull.cxx
  LexPython.cxx
  LexRust.cxx
  Accessor.cxx
  CharacterCategory.cxx
  CharacterSet.cxx
  LexerBase.cxx
  LexerModule.cxx
  LexerNoExceptions.cxx
  LexerSimple.cxx
  PropSetSimple.cxx
  StyleContext.cxx
  WordList.cxx
  PlatQt.cpp
  ScintillaEditBase.cpp
  ScintillaQt.cpp
  ScintillaDocument.cpp
  ScintillaEdit.cpp
  AutoComplete.cxx
  CallTip.cxx
  CaseConvert.cxx
  CaseFolder.cxx
  Catalogue.cxx
  CellBuffer.cxx
  CharClassify.cxx
  ContractionState.cxx
  Decoration.cxx
  Document.cxx
  EditModel.cxx
  Editor.cxx
  EditView.cxx
  ExternalLexer.cxx
  Indicator.cxx
  KeyMap.cxx
  qrenderdoc_module_python.cxx
  LineMarker.cxx
  MarginView.cxx
  PerLine.cxx
  PositionCache.cxx
  RESearch.cxx
  RunStyles.cxx
  ScintillaBase.cxx
  Selection.cxx
  Style.cxx
  UniConversion.cxx
  ViewStyle.cxx
  XPM.cxx
    正在创建库 D:\Projects\renderdoc\\x64\Release\renderdiccmd.lib 和对象 D:\Projects\renderdoc\\x64\Release\renderdiccmd.exp
  正在生成代码
  Previous IPDB not found, fall back to full compilation.
  BufferFormatter.cpp
  Analytics.cpp
  PersistantConfig.cpp
  QRDInterface.cpp
  RemoteHost.cpp
  ShaderProcessingTool.cpp
  qprocessinfo.cpp
  PythonContext.cpp
  QRDUtils.cpp
  MiniQtHelper.cpp
  Resources.cpp
  RGPInterop.cpp
  Building without PySide2 - Qt will not be accessible in python scripting. See https://github.com/baldurk/renderdoc/wiki/PySide2
  ScintillaSyntax.cpp
  moc_RDStyle.cpp
  moc_RDTweakedNativeStyle.cpp
  moc_AboutDialog.cpp
  moc_CrashDialog.cpp
  moc_AnalyticsConfirmDialog.cpp
  moc_AnalyticsPromptDialog.cpp
  All 1495 functions were compiled because no usable IPDB/IOBJ from previous compilation was found.
  已完成代码的生成
  moc_APIInspector.cpp
  moc_AxisMappingDialog.cpp
  moc_CameraControlsDialog.cpp
  moc_ProjectionGuessDialog.cpp
  moc_ResourceInspector.cpp
  moc_BufferFormatSpecifier.cpp
  moc_ComputeDebugSelector.cpp
  moc_FindReplace.cpp
  moc_BufferViewer.cpp
  moc_CaptureDialog.cpp
  moc_CustomPaintWidget.cpp
  moc_D3D11PipelineStateViewer.cpp
  moc_D3D12PipelineStateViewer.cpp
  moc_DebugMessageView.cpp
  moc_LogView.cpp
  moc_CommentView.cpp
  moc_DescriptorViewer.cpp
  moc_EventBrowser.cpp
  moc_ExportWindow.cpp
  moc_ExportRunner.cpp
  moc_GLPipelineStateViewer.cpp
  moc_LiveCapture.cpp
  moc_EnvironmentEditor.cpp
  moc_OrderedListEditor.cpp
  moc_MarkerBreadcrumbs.cpp
  moc_RemoteManager.cpp
  moc_ExtensionManager.cpp
  moc_PerformanceCounterSelection.cpp
  moc_PerformanceCounterViewer.cpp
  moc_PipelineStateViewer.cpp
  moc_PythonContext.cpp
  moc_QRDUtils.cpp
  moc_PipelineFlowChart.cpp
  moc_RangeHistogram.cpp
  moc_AnnotationDisplay.cpp
  moc_CollapseGroupBox.cpp
  moc_RDDoubleSpinBox.cpp
  moc_RDSplitter.cpp
  moc_RDLabel.cpp
  moc_RDMenu.cpp
  moc_RDHeaderView.cpp
  moc_RDToolButton.cpp
  moc_RDLineEdit.cpp
  moc_RDTextEdit.cpp
  moc_MainWindow.cpp
  moc_RDListView.cpp
  moc_RDListWidget.cpp
  moc_RDTableView.cpp
  moc_RDTableWidget.cpp
  moc_RDTreeView.cpp
  moc_RDTreeWidget.cpp
  moc_ResourcePreview.cpp
  moc_SettingsDialog.cpp
  moc_ShaderViewer.cpp
  moc_ShaderMessageViewer.cpp
  moc_PythonShell.cpp
  moc_PixelHistoryView.cpp
  moc_StatisticsViewer.cpp
  moc_TimelineBar.cpp
  moc_SuggestRemoteDialog.cpp
  moc_TextureGoto.cpp
  moc_TextureSaveDialog.cpp
  moc_TextureViewer.cpp
  moc_TipsDialog.cpp
  moc_ConfigEditor.cpp
  moc_ThumbnailStrip.cpp
  moc_ReplayOptionsSelector.cpp
  moc_ToolWindowManager.cpp
  moc_ToolWindowManagerArea.cpp
  moc_ToolWindowManagerSplitter.cpp
  moc_ToolWindowManagerTabBar.cpp
  moc_ToolWindowManagerWrapper.cpp
  moc_VirtualFileDialog.cpp
  moc_VulkanPipelineStateViewer.cpp
  qrc_resources.cpp
  qrc_qtconf.cpp
  BufferFormatSpecifier.cpp
  renderdoccmd.vcxproj -> D:\Projects\renderdoc\x64\Release\renderdiccmd.exe
  CollapseGroupBox.cpp
  ComputeDebugSelector.cpp
  FindReplace.cpp
  RDListWidget.cpp
  RDTableView.cpp
  RDTableWidget.cpp
  RDTreeView.cpp
  RDTreeWidget.cpp
  PipelineFlowChart.cpp
  RangeHistogram.cpp
  AnnotationDisplay.cpp
  RDDoubleSpinBox.cpp
  RDSplitter.cpp
  RDLabel.cpp
  RDMenu.cpp
  RDHeaderView.cpp
  RDToolButton.cpp
  RDListView.cpp
  ResourcePreview.cpp
  TextureGoto.cpp
  ThumbnailStrip.cpp
  ReplayOptionsSelector.cpp
  OrderedListEditor.cpp
  MarkerBreadcrumbs.cpp
  CaptureContext.cpp
  driver_loader.cpp
  kernel_injector.cpp
  kernel_mem.cpp
  kernel_scan.cpp
  manual_map.cpp
  trace_cleanup.cpp
  RDStyle.cpp
  StyleData.cpp
  RDTweakedNativeStyle.cpp
  CustomPaintWidget.cpp
  APIInspector.cpp
  ResourceInspector.cpp
  BufferViewer.cpp
  DebugMessageView.cpp
  LogView.cpp
  CommentView.cpp
  DescriptorViewer.cpp
  AboutDialog.cpp
  CrashDialog.cpp
  AnalyticsConfirmDialog.cpp
  AnalyticsPromptDialog.cpp
  AxisMappingDialog.cpp
  CameraControlsDialog.cpp
  ProjectionGuessDialog.cpp
  CaptureDialog.cpp
  LiveCapture.cpp
  EnvironmentEditor.cpp
  PerformanceCounterSelection.cpp
  RemoteManager.cpp
  ExtensionManager.cpp
  SettingsDialog.cpp
  SuggestRemoteDialog.cpp
  TextureSaveDialog.cpp
  TipsDialog.cpp
  ConfigEditor.cpp
  VirtualFileDialog.cpp
  EventBrowser.cpp
  ExportWindow.cpp
  ExportRunner.cpp
  GltfWriter.cpp
  MeshExtractor.cpp
  ObjWriter.cpp
  TextureExporter.cpp
  RDLineEdit.cpp
  RDTextEdit.cpp
  MainWindow.cpp
  ReplayManager.cpp
  D3D11PipelineStateViewer.cpp
  D3D12PipelineStateViewer.cpp
  GLPipelineStateViewer.cpp
  PipelineStateViewer.cpp
  VulkanPipelineStateViewer.cpp
  ShaderViewer.cpp
  ShaderMessageViewer.cpp
  PythonShell.cpp
  PixelHistoryView.cpp
    正在创建库 D:\Projects\renderdoc\x64\Release\pymodules\renderdoc.lib 和对象 D:\Projects\renderdoc\x64\Release\pymodules\renderdoc.exp
  正在生成代码
  PerformanceCounterViewer.cpp
  Previous IPDB not found, fall back to full compilation.
  StatisticsViewer.cpp
  TimelineBar.cpp
  TextureViewer.cpp
  qrenderdoc.cpp
  renderdoc_module_python.cxx
  moc_ScintillaDocument.cpp
  moc_ScintillaEdit.cpp
  moc_ScintillaEditBase.cpp
  moc_ScintillaQt.cpp
  renderdoc_python.cxx
  qrenderdoc_python.cxx
  All 25275 functions were compiled because no usable IPDB/IOBJ from previous compilation was found.
  已完成代码的生成
  pyrenderdoc_module.vcxproj -> D:\Projects\renderdoc\x64\Release\pymodules\renderdoc.pyd
  FlowLayout.cpp
  ToolWindowManager.cpp
  ToolWindowManagerArea.cpp
  ToolWindowManagerSplitter.cpp
  ToolWindowManagerTabBar.cpp
  ToolWindowManagerWrapper.cpp
    正在创建库 D:\Projects\renderdoc\x64\Release\\qrenderdic.lib 和对象 D:\Projects\renderdoc\x64\Release\\qrenderdic.exp
  正在生成代码
  Previous IPDB not found, fall back to full compilation.
  All 69770 functions were compiled because no usable IPDB/IOBJ from previous compilation was found.
  已完成代码的生成
  qrenderdoc_local.vcxproj -> D:\Projects\renderdoc\x64\Release\qrenderdic.exe
    正在创建库 D:\Projects\renderdoc\x64\Release\pymodules\qrenderdoc.lib 和对象 D:\Projects\renderdoc\x64\Release\pymodules\qrenderdoc.exp
  qrenderdoc_module.vcxproj -> D:\Projects\renderdoc\x64\Release\pymodules\qrenderdoc.pyd
